// Jest Snapshot v1, https://goo.gl/fbAQLP

exports[`test MovieDetailsPage component should render MovieDetailsPage component 1`] = `
<section
  className="ant-layout movieDetails-container"
>
  <img
    alt="wallpaper"
    className="movieDetails-image"
    src="https://image.tmdb.org/t/p/w500/image_path"
  />
  <main
    className="ant-layout-content movieDetails-content"
  >
    <div
      className="info-container"
    >
      <span
        className="title"
      >
        Fight club
      </span>
      <span
        className="genre"
      >
        drama  sport  comedy | 2h 0m
      </span>
      <div
        className="popularity"
      >
        <div
          className="star"
        />
        <div
          className="star"
        />
        <div
          className="star"
        />
        <div
          className="star"
        />
        <div
          className="star"
        />
        <div
          className="star"
        />
        <div
          className="star"
        />
        <div
          className="star"
        />
        <span>
          8
        </span>
      </div>
    </div>
    <div
      className="ant-row ant-row-space-between navbar-container"
      style={Object {}}
    >
      <button
        className="ant-btn"
        onClick={[Function]}
        type="button"
      >
        <span>
          Watch Now
        </span>
      </button>
      <button
        className="ant-btn"
        onClick={[Function]}
        onMouseDown={[Function]}
        onTouchStart={[Function]}
        type="button"
      >
        <span>
          View Info
        </span>
      </button>
    </div>
  </main>
</section>
`;
