// Jest Snapshot v1, https://goo.gl/fbAQLP

exports[`test MovieDetailsPage component should render MovieDetailsPage component 1`] = `
<Layout
  className="movieDetails-container"
>
  <img
    alt="wallpaper"
    className="movieDetails-image"
    src="https://image.tmdb.org/t/p/w500/image_path"
  />
  <Content
    className="movieDetails-content"
  >
    <InfoBar
      genres={
        Array [
          "drama",
          "sport",
          "comedy",
        ]
      }
      runtime={120}
      title="Fight club"
      vote_average={8}
    />
    <NavBar
      GetVideoUrl={[MockFunction]}
      id={2412412}
      overview="Lorem Ipsum is simply dummy text of the printing and typesetting industry. Lorem Ipsum has been the industry"
      video="youtube-link"
    />
  </Content>
</Layout>
`;
