// Jest Snapshot v1, https://goo.gl/fbAQLP

exports[`test MovieItem component should render MovieItem component 1`] = `
<div
  className="ant-card ant-card-bordered movie-item"
  onMouseEnter={[Function]}
  onMouseLeave={[Function]}
>
  <div
    className="ant-card-body"
    style={Object {}}
  >
    <div
      className="overlay"
    />
    <img
      alt="Poster!"
      className="poster"
      src="https://image.tmdb.org/t/p/w500/image_path"
    />
    
    <div
      className="movie-item-container"
    >
      <span
        className="movie-item_title"
      >
        Fight club
      </span>
      <span
        className="movie-item_vote-average"
      >
        8
      </span>
      <span
        className="movie-item_genre"
      >
        drama, sport, comedy
      </span>
    </div>
  </div>
</div>
`;
