// Jest Snapshot v1, https://goo.gl/fbAQLP

exports[`test MovieList component should render MovieDetailsPage component 1`] = `
<React.Fragment>
  <Layout
    className="movieList-container"
  >
    <Filter
      activeGenre="Drama"
      filter="TRENDING"
      genres={
        Array [
          Object {
            "id": 13,
            "name": "Adventure",
          },
          Object {
            "id": 18,
            "name": "Drama",
          },
          Object {
            "id": 20,
            "name": "Family",
          },
          Object {
            "id": 21,
            "name": "Fantasy",
          },
        ]
      }
      getContent={[MockFunction]}
      setCurrentPage={[MockFunction]}
      setFilter={[MockFunction]}
      setGenre={[MockFunction]}
      setListFlexDirection={[MockFunction]}
    />
    <Layout
      className="movieItem-container"
      style={
        Object {
          "alignItems": "center",
          "flexDirection": "row",
        }
      }
    >
      <Spin
        size="default"
        spinning={true}
        tip="Loading..."
        wrapperClassName=""
      />
    </Layout>
  </Layout>
  <Footer />
</React.Fragment>
`;
