// Jest Snapshot v1, https://goo.gl/fbAQLP

exports[`test MovieList component should render MovieList component 1`] = `
<Layout
  className="movieList-container"
>
  <MovieItem
    genres={
      Array [
        "drama",
        "sport",
        "comedy",
      ]
    }
    getDetails={[MockFunction]}
    handleVideo={[MockFunction]}
    id={2412412}
    overview="Lorem Ipsum is simply dummy text of the printing and typesetting industry. Lorem Ipsum has been the industry"
    poster="image_path"
    title="Fight club"
    video="youtube-link"
    vote_average={8}
  />
  <MovieItem
    genres={
      Array [
        "drama",
        "Criminal",
        "comedy",
      ]
    }
    getDetails={[MockFunction]}
    handleVideo={[MockFunction]}
    id={41412}
    overview="Lorem Ipsum is simply dummy text of the printing and typesetting industry. Lorem Ipsum has been the industry"
    poster="image_path"
    title="Sopranos"
    video="youtube-link"
    vote_average={10}
  />
</Layout>
`;
