// Jest Snapshot v1, https://goo.gl/fbAQLP

exports[`DetailsContainer should show mapStateToProps value 1`] = `
Object {
  "backdrop": undefined,
  "genres": Array [
    undefined,
    undefined,
    undefined,
  ],
  "id": 2412412,
  "overview": "Lorem Ipsum is simply dummy text of the printing",
  "runtime": 120,
  "title": "Fight club",
  "vote_average": 10,
}
`;
